/*C7*/SET SCHEMA PUBLIC
CONNECT USER SA
SET AUTOCOMMIT FALSE
SET AUTOCOMMIT TRUE
SET AUTOCOMMIT FALSE
INSERT INTO EVENTS VALUES(7,'2010-04-01 15:51:55.834000000','My Event')
COMMIT
DISCONNECT
